----
type=PROCTITLE msg=audit(27.03.2021 20:34:05.553:2541) : proctitle=/usr/libexec/fwupd/fwupd 
type=PATH msg=audit(27.03.2021 20:34:05.553:2541) : item=0 name=/root/ inode=6 dev=00:1a mode=dir,000 ouid=root ogid=root rdev=00:00 obj=system_u:object_r:init_var_run_t:s0 nametype=PARENT cap_fp=none cap_fi=none cap_fe=0 cap_fver=0 cap_frootid=0 
type=CWD msg=audit(27.03.2021 20:34:05.553:2541) : cwd=/ 
type=SYSCALL msg=audit(27.03.2021 20:34:05.553:2541) : arch=x86_64 syscall=mkdir success=no exit=EROFS(Súborový systém dovoľuje len čítanie) a0=0x565268678bc0 a1=0700 a2=0x0 a3=0x20 items=1 ppid=1 pid=786356 auid=unset uid=root gid=root euid=root suid=root fsuid=root egid=root sgid=root fsgid=root tty=(none) ses=unset comm=fwupd exe=/usr/libexec/fwupd/fwupd subj=system_u:system_r:fwupd_t:s0 key=(null) 
type=AVC msg=audit(27.03.2021 20:34:05.553:2541) : avc:  denied  { dac_read_search } for  pid=786356 comm=fwupd capability=dac_read_search  scontext=system_u:system_r:fwupd_t:s0 tcontext=system_u:system_r:fwupd_t:s0 tclass=capability permissive=1 
----
type=PROCTITLE msg=audit(27.03.2021 20:34:05.555:2542) : proctitle=/usr/libexec/fwupd/fwupd 
type=PATH msg=audit(27.03.2021 20:34:05.555:2542) : item=0 name=/etc/fwupd inode=525847 dev=fd:01 mode=dir,755 ouid=root ogid=root rdev=00:00 obj=system_u:object_r:etc_t:s0 nametype=NORMAL cap_fp=none cap_fi=none cap_fe=0 cap_fver=0 cap_frootid=0 
type=CWD msg=audit(27.03.2021 20:34:05.555:2542) : cwd=/ 
type=SYSCALL msg=audit(27.03.2021 20:34:05.555:2542) : arch=x86_64 syscall=inotify_add_watch success=yes exit=1 a0=0x6 a1=0x5652686b4680 a2=0x1002fce a3=0x0 items=1 ppid=1 pid=786356 auid=unset uid=root gid=root euid=root suid=root fsuid=root egid=root sgid=root fsgid=root tty=(none) ses=unset comm=fwupd exe=/usr/libexec/fwupd/fwupd subj=system_u:system_r:fwupd_t:s0 key=(null) 
type=AVC msg=audit(27.03.2021 20:34:05.555:2542) : avc:  denied  { watch } for  pid=786356 comm=fwupd path=/etc/fwupd dev="dm-1" ino=525847 scontext=system_u:system_r:fwupd_t:s0 tcontext=system_u:object_r:etc_t:s0 tclass=dir permissive=1 
----
type=PROCTITLE msg=audit(27.03.2021 20:34:05.556:2543) : proctitle=/usr/libexec/fwupd/fwupd 
type=CWD msg=audit(27.03.2021 20:34:05.556:2543) : cwd=/ 
type=MMAP msg=audit(27.03.2021 20:34:05.556:2543) : fd=10 flags=MAP_PRIVATE 
type=SYSCALL msg=audit(27.03.2021 20:34:05.556:2543) : arch=x86_64 syscall=mmap success=yes exit=140383724482560 a0=0x0 a1=0x60b a2=PROT_READ a3=MAP_PRIVATE items=0 ppid=1 pid=786356 auid=unset uid=root gid=root euid=root suid=root fsuid=root egid=root sgid=root fsgid=root tty=(none) ses=unset comm=fwupd exe=/usr/libexec/fwupd/fwupd subj=system_u:system_r:fwupd_t:s0 key=(null) 
type=AVC msg=audit(27.03.2021 20:34:05.556:2543) : avc:  denied  { map } for  pid=786356 comm=fwupd path=/var/cache/fwupd/metainfo.xmlb dev="dm-1" ino=2359409 scontext=system_u:system_r:fwupd_t:s0 tcontext=system_u:object_r:fwupd_cache_t:s0 tclass=file permissive=1 
----
type=PROCTITLE msg=audit(27.03.2021 20:34:05.557:2544) : proctitle=/usr/libexec/fwupd/fwupd 
type=PATH msg=audit(27.03.2021 20:34:05.557:2544) : item=0 name=/usr/share/fwupd/remotes.d/dell-esrt inode=1349414 dev=fd:01 mode=dir,755 ouid=root ogid=root rdev=00:00 obj=system_u:object_r:usr_t:s0 nametype=NORMAL cap_fp=none cap_fi=none cap_fe=0 cap_fver=0 cap_frootid=0 
type=CWD msg=audit(27.03.2021 20:34:05.557:2544) : cwd=/ 
type=SYSCALL msg=audit(27.03.2021 20:34:05.557:2544) : arch=x86_64 syscall=inotify_add_watch success=yes exit=3 a0=0x6 a1=0x5652686ba0c0 a2=0x1002fce a3=0x10 items=1 ppid=1 pid=786356 auid=unset uid=root gid=root euid=root suid=root fsuid=root egid=root sgid=root fsgid=root tty=(none) ses=unset comm=fwupd exe=/usr/libexec/fwupd/fwupd subj=system_u:system_r:fwupd_t:s0 key=(null) 
type=AVC msg=audit(27.03.2021 20:34:05.557:2544) : avc:  denied  { watch } for  pid=786356 comm=fwupd path=/usr/share/fwupd/remotes.d/dell-esrt dev="dm-1" ino=1349414 scontext=system_u:system_r:fwupd_t:s0 tcontext=system_u:object_r:usr_t:s0 tclass=dir permissive=1 
----
type=PROCTITLE msg=audit(27.03.2021 20:34:05.945:2547) : proctitle=/usr/libexec/fwupd/fwupd 
type=PATH msg=audit(27.03.2021 20:34:05.945:2547) : item=0 name=/etc/pki/tls/openssl.cnf inode=524665 dev=fd:01 mode=file,644 ouid=root ogid=root rdev=00:00 obj=system_u:object_r:cert_t:s0 nametype=NORMAL cap_fp=none cap_fi=none cap_fe=0 cap_fver=0 cap_frootid=0 
type=CWD msg=audit(27.03.2021 20:34:05.945:2547) : cwd=/ 
type=SYSCALL msg=audit(27.03.2021 20:34:05.945:2547) : arch=x86_64 syscall=openat success=yes exit=17 a0=0xffffff9c a1=0x5652687d4d40 a2=O_RDONLY a3=0x0 items=1 ppid=1 pid=786356 auid=unset uid=root gid=root euid=root suid=root fsuid=root egid=root sgid=root fsgid=root tty=(none) ses=unset comm=fwupd exe=/usr/libexec/fwupd/fwupd subj=system_u:system_r:fwupd_t:s0 key=(null) 
type=AVC msg=audit(27.03.2021 20:34:05.945:2547) : avc:  denied  { open } for  pid=786356 comm=fwupd path=/etc/pki/tls/openssl.cnf dev="dm-1" ino=524665 scontext=system_u:system_r:fwupd_t:s0 tcontext=system_u:object_r:cert_t:s0 tclass=file permissive=1 
type=AVC msg=audit(27.03.2021 20:34:05.945:2547) : avc:  denied  { read } for  pid=786356 comm=fwupd name=openssl.cnf dev="dm-1" ino=524665 scontext=system_u:system_r:fwupd_t:s0 tcontext=system_u:object_r:cert_t:s0 tclass=file permissive=1 
----
type=PROCTITLE msg=audit(27.03.2021 20:34:05.945:2548) : proctitle=/usr/libexec/fwupd/fwupd 
type=PATH msg=audit(27.03.2021 20:34:05.945:2548) : item=0 name= inode=524665 dev=fd:01 mode=file,644 ouid=root ogid=root rdev=00:00 obj=system_u:object_r:cert_t:s0 nametype=NORMAL cap_fp=none cap_fi=none cap_fe=0 cap_fver=0 cap_frootid=0 
type=CWD msg=audit(27.03.2021 20:34:05.945:2548) : cwd=/ 
type=SYSCALL msg=audit(27.03.2021 20:34:05.945:2548) : arch=x86_64 syscall=newfstatat success=yes exit=0 a0=0x11 a1=0x7fada389495a a2=0x7ffce7b44a50 a3=0x1000 items=1 ppid=1 pid=786356 auid=unset uid=root gid=root euid=root suid=root fsuid=root egid=root sgid=root fsgid=root tty=(none) ses=unset comm=fwupd exe=/usr/libexec/fwupd/fwupd subj=system_u:system_r:fwupd_t:s0 key=(null) 
type=AVC msg=audit(27.03.2021 20:34:05.945:2548) : avc:  denied  { getattr } for  pid=786356 comm=fwupd path=/etc/pki/tls/openssl.cnf dev="dm-1" ino=524665 scontext=system_u:system_r:fwupd_t:s0 tcontext=system_u:object_r:cert_t:s0 tclass=file permissive=1 
----
type=PROCTITLE msg=audit(27.03.2021 20:34:05.966:2549) : proctitle=/usr/libexec/fwupd/fwupd 
type=PATH msg=audit(27.03.2021 20:34:05.966:2549) : item=0 name=/proc/sys/kernel inode=18488 dev=00:17 mode=dir,555 ouid=root ogid=root rdev=00:00 obj=system_u:object_r:sysctl_kernel_t:s0 nametype=NORMAL cap_fp=none cap_fi=none cap_fe=0 cap_fver=0 cap_frootid=0 
type=CWD msg=audit(27.03.2021 20:34:05.966:2549) : cwd=/ 
type=SYSCALL msg=audit(27.03.2021 20:34:05.966:2549) : arch=x86_64 syscall=inotify_add_watch success=yes exit=9 a0=0x6 a1=0x5652687ef970 a2=0x1002fce a3=0x5652688775f0 items=1 ppid=1 pid=786356 auid=unset uid=root gid=root euid=root suid=root fsuid=root egid=root sgid=root fsgid=root tty=(none) ses=unset comm=fwupd exe=/usr/libexec/fwupd/fwupd subj=system_u:system_r:fwupd_t:s0 key=(null) 
type=AVC msg=audit(27.03.2021 20:34:05.966:2549) : avc:  denied  { watch } for  pid=786356 comm=fwupd path=/proc/sys/kernel dev="proc" ino=18488 scontext=system_u:system_r:fwupd_t:s0 tcontext=system_u:object_r:sysctl_kernel_t:s0 tclass=dir permissive=1 
----
type=PROCTITLE msg=audit(27.03.2021 20:34:05.967:2550) : proctitle=/usr/libexec/fwupd/fwupd 
type=PATH msg=audit(27.03.2021 20:34:05.967:2550) : item=0 name=/proc/swaps inode=4026532091 dev=00:17 mode=file,444 ouid=root ogid=root rdev=00:00 obj=system_u:object_r:proc_t:s0 nametype=NORMAL cap_fp=none cap_fi=none cap_fe=0 cap_fver=0 cap_frootid=0 
type=CWD msg=audit(27.03.2021 20:34:05.967:2550) : cwd=/ 
type=SYSCALL msg=audit(27.03.2021 20:34:05.967:2550) : arch=x86_64 syscall=statx success=yes exit=0 a0=0xffffff9c a1=0x5652687b3510 a2=0x900 a3=0xfff items=1 ppid=1 pid=786356 auid=unset uid=root gid=root euid=root suid=root fsuid=root egid=root sgid=root fsgid=root tty=(none) ses=unset comm=fwupd exe=/usr/libexec/fwupd/fwupd subj=system_u:system_r:fwupd_t:s0 key=(null) 
type=AVC msg=audit(27.03.2021 20:34:05.967:2550) : avc:  denied  { getattr } for  pid=786356 comm=fwupd path=/proc/swaps dev="proc" ino=4026532091 scontext=system_u:system_r:fwupd_t:s0 tcontext=system_u:object_r:proc_t:s0 tclass=file permissive=1 
----
type=PROCTITLE msg=audit(27.03.2021 20:34:05.967:2551) : proctitle=/usr/libexec/fwupd/fwupd 
type=PATH msg=audit(27.03.2021 20:34:05.967:2551) : item=0 name=/proc inode=1 dev=00:17 mode=dir,555 ouid=root ogid=root rdev=00:00 obj=system_u:object_r:proc_t:s0 nametype=NORMAL cap_fp=none cap_fi=none cap_fe=0 cap_fver=0 cap_frootid=0 
type=CWD msg=audit(27.03.2021 20:34:05.967:2551) : cwd=/ 
type=SYSCALL msg=audit(27.03.2021 20:34:05.967:2551) : arch=x86_64 syscall=inotify_add_watch success=yes exit=10 a0=0x6 a1=0x565268875f20 a2=0x1002fce a3=0x5652688775f0 items=1 ppid=1 pid=786356 auid=unset uid=root gid=root euid=root suid=root fsuid=root egid=root sgid=root fsgid=root tty=(none) ses=unset comm=fwupd exe=/usr/libexec/fwupd/fwupd subj=system_u:system_r:fwupd_t:s0 key=(null) 
type=AVC msg=audit(27.03.2021 20:34:05.967:2551) : avc:  denied  { watch } for  pid=786356 comm=fwupd path=/proc dev="proc" ino=1 scontext=system_u:system_r:fwupd_t:s0 tcontext=system_u:object_r:proc_t:s0 tclass=dir permissive=1 
type=AVC msg=audit(27.03.2021 20:34:05.967:2551) : avc:  denied  { read } for  pid=786356 comm=fwupd name=/ dev="proc" ino=1 scontext=system_u:system_r:fwupd_t:s0 tcontext=system_u:object_r:proc_t:s0 tclass=dir permissive=1 
----
type=PROCTITLE msg=audit(27.03.2021 20:34:05.969:2552) : proctitle=/usr/libexec/fwupd/fwupd 
type=PATH msg=audit(27.03.2021 20:34:05.969:2552) : item=0 name=/sys/kernel/security inode=1 dev=00:06 mode=dir,755 ouid=root ogid=root rdev=00:00 obj=system_u:object_r:security_t:s0 nametype=NORMAL cap_fp=none cap_fi=none cap_fe=0 cap_fver=0 cap_frootid=0 
type=CWD msg=audit(27.03.2021 20:34:05.969:2552) : cwd=/ 
type=SYSCALL msg=audit(27.03.2021 20:34:05.969:2552) : arch=x86_64 syscall=inotify_add_watch success=yes exit=11 a0=0x6 a1=0x5652687509d0 a2=0x1002fce a3=0x0 items=1 ppid=1 pid=786356 auid=unset uid=root gid=root euid=root suid=root fsuid=root egid=root sgid=root fsgid=root tty=(none) ses=unset comm=fwupd exe=/usr/libexec/fwupd/fwupd subj=system_u:system_r:fwupd_t:s0 key=(null) 
type=AVC msg=audit(27.03.2021 20:34:05.969:2552) : avc:  denied  { watch } for  pid=786356 comm=fwupd path=/sys/kernel/security dev="securityfs" ino=1 scontext=system_u:system_r:fwupd_t:s0 tcontext=system_u:object_r:security_t:s0 tclass=dir permissive=1 
type=AVC msg=audit(27.03.2021 20:34:05.969:2552) : avc:  denied  { read } for  pid=786356 comm=fwupd name=/ dev="securityfs" ino=1 scontext=system_u:system_r:fwupd_t:s0 tcontext=system_u:object_r:security_t:s0 tclass=dir permissive=1 
----
type=PROCTITLE msg=audit(27.03.2021 20:34:05.970:2553) : proctitle=/usr/libexec/fwupd/fwupd 
type=PATH msg=audit(27.03.2021 20:34:05.970:2553) : item=0 name=/proc/modules inode=4026532086 dev=00:17 mode=file,444 ouid=root ogid=root rdev=00:00 obj=system_u:object_r:proc_t:s0 nametype=NORMAL cap_fp=none cap_fi=none cap_fe=0 cap_fver=0 cap_frootid=0 
type=CWD msg=audit(27.03.2021 20:34:05.970:2553) : cwd=/ 
type=SYSCALL msg=audit(27.03.2021 20:34:05.970:2553) : arch=x86_64 syscall=openat success=yes exit=15 a0=0xffffff9c a1=0x7fad918ef106 a2=O_RDONLY a3=0x0 items=1 ppid=1 pid=786356 auid=unset uid=root gid=root euid=root suid=root fsuid=root egid=root sgid=root fsgid=root tty=(none) ses=unset comm=fwupd exe=/usr/libexec/fwupd/fwupd subj=system_u:system_r:fwupd_t:s0 key=(null) 
type=AVC msg=audit(27.03.2021 20:34:05.970:2553) : avc:  denied  { open } for  pid=786356 comm=fwupd path=/proc/modules dev="proc" ino=4026532086 scontext=system_u:system_r:fwupd_t:s0 tcontext=system_u:object_r:proc_t:s0 tclass=file permissive=1 
type=AVC msg=audit(27.03.2021 20:34:05.970:2553) : avc:  denied  { read } for  pid=786356 comm=fwupd name=modules dev="proc" ino=4026532086 scontext=system_u:system_r:fwupd_t:s0 tcontext=system_u:object_r:proc_t:s0 tclass=file permissive=1 
----
type=PROCTITLE msg=audit(27.03.2021 20:34:05.975:2554) : proctitle=/usr/libexec/fwupd/fwupd 
type=PATH msg=audit(27.03.2021 20:34:05.975:2554) : item=0 name=/dev/mei0 inode=537 dev=00:05 mode=character,600 ouid=root ogid=root rdev=ec:00 obj=system_u:object_r:mei_device_t:s0 nametype=NORMAL cap_fp=none cap_fi=none cap_fe=0 cap_fver=0 cap_frootid=0 
type=CWD msg=audit(27.03.2021 20:34:05.975:2554) : cwd=/ 
type=SYSCALL msg=audit(27.03.2021 20:34:05.975:2554) : arch=x86_64 syscall=openat success=yes exit=15 a0=0xffffff9c a1=0x7fad919192aa a2=O_RDWR a3=0x0 items=1 ppid=1 pid=786356 auid=unset uid=root gid=root euid=root suid=root fsuid=root egid=root sgid=root fsgid=root tty=(none) ses=unset comm=fwupd exe=/usr/libexec/fwupd/fwupd subj=system_u:system_r:fwupd_t:s0 key=(null) 
type=AVC msg=audit(27.03.2021 20:34:05.975:2554) : avc:  denied  { open } for  pid=786356 comm=fwupd path=/dev/mei0 dev="devtmpfs" ino=537 scontext=system_u:system_r:fwupd_t:s0 tcontext=system_u:object_r:mei_device_t:s0 tclass=chr_file permissive=1 
type=AVC msg=audit(27.03.2021 20:34:05.975:2554) : avc:  denied  { read write } for  pid=786356 comm=fwupd name=mei0 dev="devtmpfs" ino=537 scontext=system_u:system_r:fwupd_t:s0 tcontext=system_u:object_r:mei_device_t:s0 tclass=chr_file permissive=1 
----
type=PROCTITLE msg=audit(27.03.2021 20:34:05.975:2555) : proctitle=/usr/libexec/fwupd/fwupd 
type=CWD msg=audit(27.03.2021 20:34:05.975:2555) : cwd=/ 
type=SYSCALL msg=audit(27.03.2021 20:34:05.975:2555) : arch=x86_64 syscall=ioctl success=yes exit=0 a0=0xf a1=0xc0104801 a2=0x7ffce7b44830 a3=0x0 items=0 ppid=1 pid=786356 auid=unset uid=root gid=root euid=root suid=root fsuid=root egid=root sgid=root fsgid=root tty=(none) ses=unset comm=fwupd exe=/usr/libexec/fwupd/fwupd subj=system_u:system_r:fwupd_t:s0 key=(null) 
type=AVC msg=audit(27.03.2021 20:34:05.975:2555) : avc:  denied  { ioctl } for  pid=786356 comm=fwupd path=/dev/mei0 dev="devtmpfs" ino=537 ioctlcmd=0x4801 scontext=system_u:system_r:fwupd_t:s0 tcontext=system_u:object_r:mei_device_t:s0 tclass=chr_file permissive=1 
----
type=PROCTITLE msg=audit(27.03.2021 20:34:06.305:2556) : proctitle=/usr/libexec/fwupd/fwupd 
type=PATH msg=audit(27.03.2021 20:34:06.305:2556) : item=0 name=/dev/tpmrm0 inode=149 dev=00:05 mode=character,660 ouid=tss ogid=tss rdev=fd:10000 obj=system_u:object_r:tpm_device_t:s0 nametype=NORMAL cap_fp=none cap_fi=none cap_fe=0 cap_fver=0 cap_frootid=0 
type=CWD msg=audit(27.03.2021 20:34:06.305:2556) : cwd=/ 
type=SYSCALL msg=audit(27.03.2021 20:34:06.305:2556) : arch=x86_64 syscall=openat success=yes exit=17 a0=0xffffff9c a1=0x7fad920961de a2=O_RDWR|O_NONBLOCK a3=0x0 items=1 ppid=1 pid=786356 auid=unset uid=root gid=root euid=root suid=root fsuid=root egid=root sgid=root fsgid=root tty=(none) ses=unset comm=fwupd exe=/usr/libexec/fwupd/fwupd subj=system_u:system_r:fwupd_t:s0 key=(null) 
type=AVC msg=audit(27.03.2021 20:34:06.305:2556) : avc:  denied  { open } for  pid=786356 comm=fwupd path=/dev/tpmrm0 dev="devtmpfs" ino=149 scontext=system_u:system_r:fwupd_t:s0 tcontext=system_u:object_r:tpm_device_t:s0 tclass=chr_file permissive=1 
type=AVC msg=audit(27.03.2021 20:34:06.305:2556) : avc:  denied  { read write } for  pid=786356 comm=fwupd name=tpmrm0 dev="devtmpfs" ino=149 scontext=system_u:system_r:fwupd_t:s0 tcontext=system_u:object_r:tpm_device_t:s0 tclass=chr_file permissive=1 
type=AVC msg=audit(27.03.2021 20:34:06.305:2556) : avc:  denied  { dac_override } for  pid=786356 comm=fwupd capability=dac_override  scontext=system_u:system_r:fwupd_t:s0 tcontext=system_u:system_r:fwupd_t:s0 tclass=capability permissive=1 
----
type=PROCTITLE msg=audit(27.03.2021 20:34:06.346:2557) : proctitle=/usr/libexec/fwupd/fwupd 
type=PATH msg=audit(27.03.2021 20:34:06.346:2557) : item=0 name=/dev/nvme0 inode=358 dev=00:05 mode=character,600 ouid=root ogid=root rdev=f0:00 obj=system_u:object_r:fixed_disk_device_t:s0 nametype=NORMAL cap_fp=none cap_fi=none cap_fe=0 cap_fver=0 cap_frootid=0 
type=CWD msg=audit(27.03.2021 20:34:06.346:2557) : cwd=/ 
type=SYSCALL msg=audit(27.03.2021 20:34:06.346:2557) : arch=x86_64 syscall=openat success=yes exit=17 a0=0xffffff9c a1=0x5652688a66e0 a2=O_RDONLY a3=0x0 items=1 ppid=1 pid=786356 auid=unset uid=root gid=root euid=root suid=root fsuid=root egid=root sgid=root fsgid=root tty=(none) ses=unset comm=fwupd exe=/usr/libexec/fwupd/fwupd subj=system_u:system_r:fwupd_t:s0 key=(null) 
type=AVC msg=audit(27.03.2021 20:34:06.346:2557) : avc:  denied  { open } for  pid=786356 comm=fwupd path=/dev/nvme0 dev="devtmpfs" ino=358 scontext=system_u:system_r:fwupd_t:s0 tcontext=system_u:object_r:fixed_disk_device_t:s0 tclass=chr_file permissive=1 
type=AVC msg=audit(27.03.2021 20:34:06.346:2557) : avc:  denied  { read } for  pid=786356 comm=fwupd name=nvme0 dev="devtmpfs" ino=358 scontext=system_u:system_r:fwupd_t:s0 tcontext=system_u:object_r:fixed_disk_device_t:s0 tclass=chr_file permissive=1 
----
type=PROCTITLE msg=audit(27.03.2021 20:34:06.346:2558) : proctitle=/usr/libexec/fwupd/fwupd 
type=CWD msg=audit(27.03.2021 20:34:06.346:2558) : cwd=/ 
type=SYSCALL msg=audit(27.03.2021 20:34:06.346:2558) : arch=x86_64 syscall=ioctl success=yes exit=0 a0=0x11 a1=0xc0484e41 a2=0x7ffce7b43b70 a3=0x0 items=0 ppid=1 pid=786356 auid=unset uid=root gid=root euid=root suid=root fsuid=root egid=root sgid=root fsgid=root tty=(none) ses=unset comm=fwupd exe=/usr/libexec/fwupd/fwupd subj=system_u:system_r:fwupd_t:s0 key=(null) 
type=AVC msg=audit(27.03.2021 20:34:06.346:2558) : avc:  denied  { ioctl } for  pid=786356 comm=fwupd path=/dev/nvme0 dev="devtmpfs" ino=358 ioctlcmd=0x4e41 scontext=system_u:system_r:fwupd_t:s0 tcontext=system_u:object_r:fixed_disk_device_t:s0 tclass=chr_file permissive=1 
----
type=PROCTITLE msg=audit(27.03.2021 20:34:09.197:2561) : proctitle=/usr/libexec/fwupd/fwupd 
type=PATH msg=audit(27.03.2021 20:34:09.197:2561) : item=0 name=/dev/drm_dp_aux1 inode=400 dev=00:05 mode=character,600 ouid=root ogid=root rdev=ee:01 obj=system_u:object_r:xserver_misc_device_t:s0 nametype=NORMAL cap_fp=none cap_fi=none cap_fe=0 cap_fver=0 cap_frootid=0 
type=CWD msg=audit(27.03.2021 20:34:09.197:2561) : cwd=/ 
type=SYSCALL msg=audit(27.03.2021 20:34:09.197:2561) : arch=x86_64 syscall=openat success=yes exit=17 a0=0xffffff9c a1=0x5652688e5bf0 a2=O_RDWR a3=0x0 items=1 ppid=1 pid=786356 auid=unset uid=root gid=root euid=root suid=root fsuid=root egid=root sgid=root fsgid=root tty=(none) ses=unset comm=fwupd exe=/usr/libexec/fwupd/fwupd subj=system_u:system_r:fwupd_t:s0 key=(null) 
type=AVC msg=audit(27.03.2021 20:34:09.197:2561) : avc:  denied  { open } for  pid=786356 comm=fwupd path=/dev/drm_dp_aux1 dev="devtmpfs" ino=400 scontext=system_u:system_r:fwupd_t:s0 tcontext=system_u:object_r:xserver_misc_device_t:s0 tclass=chr_file permissive=1 
type=AVC msg=audit(27.03.2021 20:34:09.197:2561) : avc:  denied  { read write } for  pid=786356 comm=fwupd name=drm_dp_aux1 dev="devtmpfs" ino=400 scontext=system_u:system_r:fwupd_t:s0 tcontext=system_u:object_r:xserver_misc_device_t:s0 tclass=chr_file permissive=1 
----
type=PROCTITLE msg=audit(27.03.2021 20:34:10.468:2562) : proctitle=/usr/libexec/fwupd/fwupd 
type=PATH msg=audit(27.03.2021 20:34:10.468:2562) : item=0 name=/dev/cpu/0/msr inode=85 dev=00:05 mode=character,600 ouid=root ogid=root rdev=ca:00 obj=system_u:object_r:cpu_device_t:s0 nametype=NORMAL cap_fp=none cap_fi=none cap_fe=0 cap_fver=0 cap_frootid=0 
type=CWD msg=audit(27.03.2021 20:34:10.468:2562) : cwd=/ 
type=SYSCALL msg=audit(27.03.2021 20:34:10.468:2562) : arch=x86_64 syscall=openat success=yes exit=17 a0=0xffffff9c a1=0x5652688f4c20 a2=O_RDWR a3=0x0 items=1 ppid=1 pid=786356 auid=unset uid=root gid=root euid=root suid=root fsuid=root egid=root sgid=root fsgid=root tty=(none) ses=unset comm=fwupd exe=/usr/libexec/fwupd/fwupd subj=system_u:system_r:fwupd_t:s0 key=(null) 
type=AVC msg=audit(27.03.2021 20:34:10.468:2562) : avc:  denied  { open } for  pid=786356 comm=fwupd path=/dev/cpu/0/msr dev="devtmpfs" ino=85 scontext=system_u:system_r:fwupd_t:s0 tcontext=system_u:object_r:cpu_device_t:s0 tclass=chr_file permissive=1 
type=AVC msg=audit(27.03.2021 20:34:10.468:2562) : avc:  denied  { read write } for  pid=786356 comm=fwupd name=msr dev="devtmpfs" ino=85 scontext=system_u:system_r:fwupd_t:s0 tcontext=system_u:object_r:cpu_device_t:s0 tclass=chr_file permissive=1 
----
type=PROCTITLE msg=audit(27.03.2021 20:34:10.474:2563) : proctitle=/usr/libexec/fwupd/fwupd 
type=PATH msg=audit(27.03.2021 20:34:10.474:2563) : item=1 name=/run/motd.d/fwupd inode=11084 dev=00:1a mode=dir,755 ouid=root ogid=root rdev=00:00 obj=system_u:object_r:motd_var_run_t:s0 nametype=CREATE cap_fp=none cap_fi=none cap_fe=0 cap_fver=0 cap_frootid=0 
type=PATH msg=audit(27.03.2021 20:34:10.474:2563) : item=0 name=/run/motd.d/ inode=1714 dev=00:1a mode=dir,755 ouid=root ogid=root rdev=00:00 obj=system_u:object_r:motd_var_run_t:s0 nametype=PARENT cap_fp=none cap_fi=none cap_fe=0 cap_fver=0 cap_frootid=0 
type=CWD msg=audit(27.03.2021 20:34:10.474:2563) : cwd=/ 
type=SYSCALL msg=audit(27.03.2021 20:34:10.474:2563) : arch=x86_64 syscall=mkdir success=yes exit=0 a0=0x5652688ffa60 a1=0755 a2=0x1 a3=0x7fada388e3e0 items=2 ppid=1 pid=786356 auid=unset uid=root gid=root euid=root suid=root fsuid=root egid=root sgid=root fsgid=root tty=(none) ses=unset comm=fwupd exe=/usr/libexec/fwupd/fwupd subj=system_u:system_r:fwupd_t:s0 key=(null) 
type=AVC msg=audit(27.03.2021 20:34:10.474:2563) : avc:  denied  { create } for  pid=786356 comm=fwupd name=fwupd scontext=system_u:system_r:fwupd_t:s0 tcontext=system_u:object_r:motd_var_run_t:s0 tclass=dir permissive=1 
type=AVC msg=audit(27.03.2021 20:34:10.474:2563) : avc:  denied  { add_name } for  pid=786356 comm=fwupd name=fwupd scontext=system_u:system_r:fwupd_t:s0 tcontext=system_u:object_r:motd_var_run_t:s0 tclass=dir permissive=1 
type=AVC msg=audit(27.03.2021 20:34:10.474:2563) : avc:  denied  { write } for  pid=786356 comm=fwupd name=motd.d dev="tmpfs" ino=1714 scontext=system_u:system_r:fwupd_t:s0 tcontext=system_u:object_r:motd_var_run_t:s0 tclass=dir permissive=1 
----
type=PROCTITLE msg=audit(27.03.2021 20:34:10.474:2564) : proctitle=/usr/libexec/fwupd/fwupd 
type=PATH msg=audit(27.03.2021 20:34:10.474:2564) : item=1 name=/run/motd.d/fwupd/85-fwupd inode=11085 dev=00:1a mode=file,644 ouid=root ogid=root rdev=00:00 obj=system_u:object_r:motd_var_run_t:s0 nametype=CREATE cap_fp=none cap_fi=none cap_fe=0 cap_fver=0 cap_frootid=0 
type=PATH msg=audit(27.03.2021 20:34:10.474:2564) : item=0 name=/run/motd.d/fwupd/ inode=11084 dev=00:1a mode=dir,755 ouid=root ogid=root rdev=00:00 obj=system_u:object_r:motd_var_run_t:s0 nametype=PARENT cap_fp=none cap_fi=none cap_fe=0 cap_fver=0 cap_frootid=0 
type=CWD msg=audit(27.03.2021 20:34:10.474:2564) : cwd=/ 
type=SYSCALL msg=audit(27.03.2021 20:34:10.474:2564) : arch=x86_64 syscall=openat success=yes exit=17 a0=0xffffff9c a1=0x5652688ff180 a2=O_WRONLY|O_CREAT|O_EXCL|O_CLOEXEC a3=0x1b6 items=2 ppid=1 pid=786356 auid=unset uid=root gid=root euid=root suid=root fsuid=root egid=root sgid=root fsgid=root tty=(none) ses=unset comm=fwupd exe=/usr/libexec/fwupd/fwupd subj=system_u:system_r:fwupd_t:s0 key=(null) 
type=AVC msg=audit(27.03.2021 20:34:10.474:2564) : avc:  denied  { write open } for  pid=786356 comm=fwupd path=/run/motd.d/fwupd/85-fwupd dev="tmpfs" ino=11085 scontext=system_u:system_r:fwupd_t:s0 tcontext=system_u:object_r:motd_var_run_t:s0 tclass=file permissive=1 
type=AVC msg=audit(27.03.2021 20:34:10.474:2564) : avc:  denied  { create } for  pid=786356 comm=fwupd name=85-fwupd scontext=system_u:system_r:fwupd_t:s0 tcontext=system_u:object_r:motd_var_run_t:s0 tclass=file permissive=1 
----
type=PROCTITLE msg=audit(27.03.2021 20:34:10.474:2565) : proctitle=/usr/libexec/fwupd/fwupd 
type=PATH msg=audit(27.03.2021 20:34:10.474:2565) : item=0 name= inode=11085 dev=00:1a mode=file,644 ouid=root ogid=root rdev=00:00 obj=system_u:object_r:motd_var_run_t:s0 nametype=NORMAL cap_fp=none cap_fi=none cap_fe=0 cap_fver=0 cap_frootid=0 
type=CWD msg=audit(27.03.2021 20:34:10.474:2565) : cwd=/ 
type=SYSCALL msg=audit(27.03.2021 20:34:10.474:2565) : arch=x86_64 syscall=statx success=yes exit=0 a0=0x11 a1=0x7fada3d80b7e a2=0x1000 a3=0x40 items=1 ppid=1 pid=786356 auid=unset uid=root gid=root euid=root suid=root fsuid=root egid=root sgid=root fsgid=root tty=(none) ses=unset comm=fwupd exe=/usr/libexec/fwupd/fwupd subj=system_u:system_r:fwupd_t:s0 key=(null) 
type=AVC msg=audit(27.03.2021 20:34:10.474:2565) : avc:  denied  { getattr } for  pid=786356 comm=fwupd path=/run/motd.d/fwupd/85-fwupd dev="tmpfs" ino=11085 scontext=system_u:system_r:fwupd_t:s0 tcontext=system_u:object_r:motd_var_run_t:s0 tclass=file permissive=1 
----
type=PROCTITLE msg=audit(27.03.2021 20:34:10.474:2566) : proctitle=/usr/libexec/fwupd/fwupd 
type=PATH msg=audit(27.03.2021 20:34:10.474:2566) : item=0 name=/usr/libexec/fwupd inode=1349409 dev=fd:01 mode=dir,755 ouid=root ogid=root rdev=00:00 obj=system_u:object_r:bin_t:s0 nametype=NORMAL cap_fp=none cap_fi=none cap_fe=0 cap_fver=0 cap_frootid=0 
type=CWD msg=audit(27.03.2021 20:34:10.474:2566) : cwd=/ 
type=SYSCALL msg=audit(27.03.2021 20:34:10.474:2566) : arch=x86_64 syscall=inotify_add_watch success=yes exit=12 a0=0x6 a1=0x5652688ff140 a2=0x1002fce a3=0x0 items=1 ppid=1 pid=786356 auid=unset uid=root gid=root euid=root suid=root fsuid=root egid=root sgid=root fsgid=root tty=(none) ses=unset comm=fwupd exe=/usr/libexec/fwupd/fwupd subj=system_u:system_r:fwupd_t:s0 key=(null) 
type=AVC msg=audit(27.03.2021 20:34:10.474:2566) : avc:  denied  { watch } for  pid=786356 comm=fwupd path=/usr/libexec/fwupd dev="dm-1" ino=1349409 scontext=system_u:system_r:fwupd_t:s0 tcontext=system_u:object_r:bin_t:s0 tclass=dir permissive=1 
----
type=PROCTITLE msg=audit(27.03.2021 20:34:10.476:2567) : proctitle=/usr/libexec/fwupd/fwupd 
type=PATH msg=audit(27.03.2021 20:34:10.476:2567) : item=0 name=/proc/1/cgroup inode=18507 dev=00:17 mode=file,444 ouid=root ogid=root rdev=00:00 obj=system_u:system_r:init_t:s0 nametype=NORMAL cap_fp=none cap_fi=none cap_fe=0 cap_fver=0 cap_frootid=0 
type=CWD msg=audit(27.03.2021 20:34:10.476:2567) : cwd=/ 
type=SYSCALL msg=audit(27.03.2021 20:34:10.476:2567) : arch=x86_64 syscall=openat success=yes exit=17 a0=0xffffff9c a1=0x565266bdd57e a2=O_RDONLY a3=0x0 items=1 ppid=1 pid=786356 auid=unset uid=root gid=root euid=root suid=root fsuid=root egid=root sgid=root fsgid=root tty=(none) ses=unset comm=fwupd exe=/usr/libexec/fwupd/fwupd subj=system_u:system_r:fwupd_t:s0 key=(null) 
type=AVC msg=audit(27.03.2021 20:34:10.476:2567) : avc:  denied  { open } for  pid=786356 comm=fwupd path=/proc/1/cgroup dev="proc" ino=18507 scontext=system_u:system_r:fwupd_t:s0 tcontext=system_u:system_r:init_t:s0 tclass=file permissive=1 
type=AVC msg=audit(27.03.2021 20:34:10.476:2567) : avc:  denied  { read } for  pid=786356 comm=fwupd name=cgroup dev="proc" ino=18507 scontext=system_u:system_r:fwupd_t:s0 tcontext=system_u:system_r:init_t:s0 tclass=file permissive=1 
----
type=PROCTITLE msg=audit(27.03.2021 20:34:10.476:2568) : proctitle=/usr/libexec/fwupd/fwupd 
type=CWD msg=audit(27.03.2021 20:34:10.476:2568) : cwd=/ 
type=SYSCALL msg=audit(27.03.2021 20:34:10.476:2568) : arch=x86_64 syscall=fstat success=yes exit=0 a0=0x11 a1=0x7ffce7b45210 a2=0x7ffce7b45210 a3=0x0 items=0 ppid=1 pid=786356 auid=unset uid=root gid=root euid=root suid=root fsuid=root egid=root sgid=root fsgid=root tty=(none) ses=unset comm=fwupd exe=/usr/libexec/fwupd/fwupd subj=system_u:system_r:fwupd_t:s0 key=(null) 
type=AVC msg=audit(27.03.2021 20:34:10.476:2568) : avc:  denied  { getattr } for  pid=786356 comm=fwupd path=/proc/1/cgroup dev="proc" ino=18507 scontext=system_u:system_r:fwupd_t:s0 tcontext=system_u:system_r:init_t:s0 tclass=file permissive=1 
----
type=PROCTITLE msg=audit(27.03.2021 20:34:11.769:2575) : proctitle=/usr/libexec/fwupd/fwupd 
type=PATH msg=audit(27.03.2021 20:34:11.769:2575) : item=0 name=/usr/bin/gpgconf inode=1207664 dev=fd:01 mode=file,755 ouid=root ogid=root rdev=00:00 obj=system_u:object_r:bin_t:s0 nametype=NORMAL cap_fp=none cap_fi=none cap_fe=0 cap_fver=0 cap_frootid=0 
type=CWD msg=audit(27.03.2021 20:34:11.769:2575) : cwd=/ 
type=SYSCALL msg=audit(27.03.2021 20:34:11.769:2575) : arch=x86_64 syscall=access success=yes exit=0 a0=0x56526891b420 a1=X_OK a2=0x7 a3=0x7 items=1 ppid=1 pid=786356 auid=unset uid=root gid=root euid=root suid=root fsuid=root egid=root sgid=root fsgid=root tty=(none) ses=unset comm=fwupd exe=/usr/libexec/fwupd/fwupd subj=system_u:system_r:fwupd_t:s0 key=(null) 
type=AVC msg=audit(27.03.2021 20:34:11.769:2575) : avc:  denied  { execute } for  pid=786356 comm=fwupd name=gpgconf dev="dm-1" ino=1207664 scontext=system_u:system_r:fwupd_t:s0 tcontext=system_u:object_r:bin_t:s0 tclass=file permissive=1 
----
type=PROCTITLE msg=audit(27.03.2021 20:34:11.976:2585) : proctitle=/usr/libexec/fwupd/fwupd 
type=CWD msg=audit(27.03.2021 20:34:11.976:2585) : cwd=/ 
type=MMAP msg=audit(27.03.2021 20:34:11.976:2585) : fd=21 flags=MAP_PRIVATE 
type=SYSCALL msg=audit(27.03.2021 20:34:11.976:2585) : arch=x86_64 syscall=mmap success=yes exit=140383724396544 a0=0x0 a1=0x40b a2=PROT_READ a3=MAP_PRIVATE items=0 ppid=1 pid=786356 auid=unset uid=root gid=root euid=root suid=root fsuid=root egid=root sgid=root fsgid=root tty=(none) ses=unset comm=fwupd exe=/usr/libexec/fwupd/fwupd subj=system_u:system_r:fwupd_t:s0 key=(null) 
type=AVC msg=audit(27.03.2021 20:34:11.976:2585) : avc:  denied  { map } for  pid=786356 comm=fwupd path=/var/cache/fwupd/metadata.xmlb dev="dm-1" ino=2381747 scontext=system_u:system_r:fwupd_t:s0 tcontext=system_u:object_r:fwupd_cache_t:s0 tclass=file permissive=1 
----
type=PROCTITLE msg=audit(27.03.2021 20:34:12.393:2586) : proctitle=/usr/libexec/fwupd/fwupd 
type=PATH msg=audit(27.03.2021 20:34:12.393:2586) : item=1 name=/run/motd.d/fwupd/85-fwupd inode=11085 dev=00:1a mode=file,644 ouid=root ogid=root rdev=00:00 obj=system_u:object_r:motd_var_run_t:s0 nametype=NORMAL cap_fp=none cap_fi=none cap_fe=0 cap_fver=0 cap_frootid=0 
type=PATH msg=audit(27.03.2021 20:34:12.393:2586) : item=0 name=/run/motd.d/fwupd/ inode=11084 dev=00:1a mode=dir,755 ouid=root ogid=root rdev=00:00 obj=system_u:object_r:motd_var_run_t:s0 nametype=PARENT cap_fp=none cap_fi=none cap_fe=0 cap_fver=0 cap_frootid=0 
type=CWD msg=audit(27.03.2021 20:34:12.393:2586) : cwd=/ 
type=SYSCALL msg=audit(27.03.2021 20:34:12.393:2586) : arch=x86_64 syscall=openat success=yes exit=21 a0=0xffffff9c a1=0x56526871bdb0 a2=O_WRONLY|O_CREAT|O_NOFOLLOW a3=0x1b6 items=2 ppid=1 pid=786356 auid=unset uid=root gid=root euid=root suid=root fsuid=root egid=root sgid=root fsgid=root tty=(none) ses=unset comm=fwupd exe=/usr/libexec/fwupd/fwupd subj=system_u:system_r:fwupd_t:s0 key=(null) 
type=AVC msg=audit(27.03.2021 20:34:12.393:2586) : avc:  denied  { open } for  pid=786356 comm=fwupd path=/run/motd.d/fwupd/85-fwupd dev="tmpfs" ino=11085 scontext=system_u:system_r:fwupd_t:s0 tcontext=system_u:object_r:motd_var_run_t:s0 tclass=file permissive=1 
type=AVC msg=audit(27.03.2021 20:34:12.393:2586) : avc:  denied  { write } for  pid=786356 comm=fwupd name=85-fwupd dev="tmpfs" ino=11085 scontext=system_u:system_r:fwupd_t:s0 tcontext=system_u:object_r:motd_var_run_t:s0 tclass=file permissive=1 
----
type=PROCTITLE msg=audit(27.03.2021 20:34:12.393:2587) : proctitle=/usr/libexec/fwupd/fwupd 
type=PATH msg=audit(27.03.2021 20:34:12.393:2587) : item=0 name= inode=11085 dev=00:1a mode=file,644 ouid=root ogid=root rdev=00:00 obj=system_u:object_r:motd_var_run_t:s0 nametype=NORMAL cap_fp=none cap_fi=none cap_fe=0 cap_fver=0 cap_frootid=0 
type=CWD msg=audit(27.03.2021 20:34:12.393:2587) : cwd=/ 
type=SYSCALL msg=audit(27.03.2021 20:34:12.393:2587) : arch=x86_64 syscall=statx success=yes exit=0 a0=0x15 a1=0x7fada3d80b7e a2=0x1000 a3=0x5f items=1 ppid=1 pid=786356 auid=unset uid=root gid=root euid=root suid=root fsuid=root egid=root sgid=root fsgid=root tty=(none) ses=unset comm=fwupd exe=/usr/libexec/fwupd/fwupd subj=system_u:system_r:fwupd_t:s0 key=(null) 
type=AVC msg=audit(27.03.2021 20:34:12.393:2587) : avc:  denied  { getattr } for  pid=786356 comm=fwupd path=/run/motd.d/fwupd/85-fwupd dev="tmpfs" ino=11085 scontext=system_u:system_r:fwupd_t:s0 tcontext=system_u:object_r:motd_var_run_t:s0 tclass=file permissive=1 
----
type=PROCTITLE msg=audit(27.03.2021 20:34:12.393:2588) : proctitle=/usr/libexec/fwupd/fwupd 
type=PATH msg=audit(27.03.2021 20:34:12.393:2588) : item=1 name=/run/motd.d/fwupd/.goutputstream-2X0O00 inode=11091 dev=00:1a mode=file,644 ouid=root ogid=root rdev=00:00 obj=system_u:object_r:motd_var_run_t:s0 nametype=CREATE cap_fp=none cap_fi=none cap_fe=0 cap_fver=0 cap_frootid=0 
type=PATH msg=audit(27.03.2021 20:34:12.393:2588) : item=0 name=/run/motd.d/fwupd/ inode=11084 dev=00:1a mode=dir,755 ouid=root ogid=root rdev=00:00 obj=system_u:object_r:motd_var_run_t:s0 nametype=PARENT cap_fp=none cap_fi=none cap_fe=0 cap_fver=0 cap_frootid=0 
type=CWD msg=audit(27.03.2021 20:34:12.393:2588) : cwd=/ 
type=SYSCALL msg=audit(27.03.2021 20:34:12.393:2588) : arch=x86_64 syscall=openat success=yes exit=22 a0=0xffffff9c a1=0x565268a29d40 a2=O_WRONLY|O_CREAT|O_EXCL a3=0x1b6 items=2 ppid=1 pid=786356 auid=unset uid=root gid=root euid=root suid=root fsuid=root egid=root sgid=root fsgid=root tty=(none) ses=unset comm=fwupd exe=/usr/libexec/fwupd/fwupd subj=system_u:system_r:fwupd_t:s0 key=(null) 
type=AVC msg=audit(27.03.2021 20:34:12.393:2588) : avc:  denied  { create } for  pid=786356 comm=fwupd name=.goutputstream-2X0O00 scontext=system_u:system_r:fwupd_t:s0 tcontext=system_u:object_r:motd_var_run_t:s0 tclass=file permissive=1 
type=AVC msg=audit(27.03.2021 20:34:12.393:2588) : avc:  denied  { add_name } for  pid=786356 comm=fwupd name=.goutputstream-2X0O00 scontext=system_u:system_r:fwupd_t:s0 tcontext=system_u:object_r:motd_var_run_t:s0 tclass=dir permissive=1 
type=AVC msg=audit(27.03.2021 20:34:12.393:2588) : avc:  denied  { write } for  pid=786356 comm=fwupd name=fwupd dev="tmpfs" ino=11084 scontext=system_u:system_r:fwupd_t:s0 tcontext=system_u:object_r:motd_var_run_t:s0 tclass=dir permissive=1 
----
type=PROCTITLE msg=audit(27.03.2021 20:34:12.393:2589) : proctitle=/usr/libexec/fwupd/fwupd 
type=PATH msg=audit(27.03.2021 20:34:12.393:2589) : item=0 name=(null) inode=11091 dev=00:1a mode=file,644 ouid=root ogid=root rdev=00:00 obj=system_u:object_r:motd_var_run_t:s0 nametype=NORMAL cap_fp=none cap_fi=none cap_fe=0 cap_fver=0 cap_frootid=0 
type=CWD msg=audit(27.03.2021 20:34:12.393:2589) : cwd=/ 
type=SYSCALL msg=audit(27.03.2021 20:34:12.393:2589) : arch=x86_64 syscall=fchown success=yes exit=0 a0=0x16 a1=0x0 a2=0x0 a3=0x1b6 items=1 ppid=1 pid=786356 auid=unset uid=root gid=root euid=root suid=root fsuid=root egid=root sgid=root fsgid=root tty=(none) ses=unset comm=fwupd exe=/usr/libexec/fwupd/fwupd subj=system_u:system_r:fwupd_t:s0 key=(null) 
type=AVC msg=audit(27.03.2021 20:34:12.393:2589) : avc:  denied  { setattr } for  pid=786356 comm=fwupd name=.goutputstream-2X0O00 dev="tmpfs" ino=11091 scontext=system_u:system_r:fwupd_t:s0 tcontext=system_u:object_r:motd_var_run_t:s0 tclass=file permissive=1 
----
type=PROCTITLE msg=audit(27.03.2021 20:34:12.393:2590) : proctitle=/usr/libexec/fwupd/fwupd 
type=PATH msg=audit(27.03.2021 20:34:12.393:2590) : item=4 name=/run/motd.d/fwupd/85-fwupd inode=11091 dev=00:1a mode=file,644 ouid=root ogid=root rdev=00:00 obj=system_u:object_r:motd_var_run_t:s0 nametype=CREATE cap_fp=none cap_fi=none cap_fe=0 cap_fver=0 cap_frootid=0 
type=PATH msg=audit(27.03.2021 20:34:12.393:2590) : item=3 name=/run/motd.d/fwupd/85-fwupd inode=11085 dev=00:1a mode=file,644 ouid=root ogid=root rdev=00:00 obj=system_u:object_r:motd_var_run_t:s0 nametype=DELETE cap_fp=none cap_fi=none cap_fe=0 cap_fver=0 cap_frootid=0 
type=PATH msg=audit(27.03.2021 20:34:12.393:2590) : item=2 name=/run/motd.d/fwupd/.goutputstream-2X0O00 inode=11091 dev=00:1a mode=file,644 ouid=root ogid=root rdev=00:00 obj=system_u:object_r:motd_var_run_t:s0 nametype=DELETE cap_fp=none cap_fi=none cap_fe=0 cap_fver=0 cap_frootid=0 
type=PATH msg=audit(27.03.2021 20:34:12.393:2590) : item=1 name=/run/motd.d/fwupd/ inode=11084 dev=00:1a mode=dir,755 ouid=root ogid=root rdev=00:00 obj=system_u:object_r:motd_var_run_t:s0 nametype=PARENT cap_fp=none cap_fi=none cap_fe=0 cap_fver=0 cap_frootid=0 
type=PATH msg=audit(27.03.2021 20:34:12.393:2590) : item=0 name=/run/motd.d/fwupd/ inode=11084 dev=00:1a mode=dir,755 ouid=root ogid=root rdev=00:00 obj=system_u:object_r:motd_var_run_t:s0 nametype=PARENT cap_fp=none cap_fi=none cap_fe=0 cap_fver=0 cap_frootid=0 
type=CWD msg=audit(27.03.2021 20:34:12.393:2590) : cwd=/ 
type=SYSCALL msg=audit(27.03.2021 20:34:12.393:2590) : arch=x86_64 syscall=rename success=yes exit=0 a0=0x565268a29d40 a1=0x565268914f90 a2=0x0 a3=0x0 items=5 ppid=1 pid=786356 auid=unset uid=root gid=root euid=root suid=root fsuid=root egid=root sgid=root fsgid=root tty=(none) ses=unset comm=fwupd exe=/usr/libexec/fwupd/fwupd subj=system_u:system_r:fwupd_t:s0 key=(null) 
type=AVC msg=audit(27.03.2021 20:34:12.393:2590) : avc:  denied  { unlink } for  pid=786356 comm=fwupd name=85-fwupd dev="tmpfs" ino=11085 scontext=system_u:system_r:fwupd_t:s0 tcontext=system_u:object_r:motd_var_run_t:s0 tclass=file permissive=1 
type=AVC msg=audit(27.03.2021 20:34:12.393:2590) : avc:  denied  { rename } for  pid=786356 comm=fwupd name=.goutputstream-2X0O00 dev="tmpfs" ino=11091 scontext=system_u:system_r:fwupd_t:s0 tcontext=system_u:object_r:motd_var_run_t:s0 tclass=file permissive=1 
type=AVC msg=audit(27.03.2021 20:34:12.393:2590) : avc:  denied  { remove_name } for  pid=786356 comm=fwupd name=.goutputstream-2X0O00 dev="tmpfs" ino=11091 scontext=system_u:system_r:fwupd_t:s0 tcontext=system_u:object_r:motd_var_run_t:s0 tclass=dir permissive=1 
----
type=PROCTITLE msg=audit(27.03.2021 20:34:13.987:2591) : proctitle=/usr/libexec/fwupd/fwupd 
type=PATH msg=audit(27.03.2021 20:34:13.987:2591) : item=0 name=/etc/fwupd/remotes.d inode=536995 dev=fd:01 mode=dir,755 ouid=root ogid=root rdev=00:00 obj=system_u:object_r:etc_t:s0 nametype=NORMAL cap_fp=none cap_fi=none cap_fe=0 cap_fver=0 cap_frootid=0 
type=CWD msg=audit(27.03.2021 20:34:13.987:2591) : cwd=/ 
type=SYSCALL msg=audit(27.03.2021 20:34:13.987:2591) : arch=x86_64 syscall=inotify_add_watch success=yes exit=14 a0=0x6 a1=0x5652686c3330 a2=0x1002fce a3=0x0 items=1 ppid=1 pid=786356 auid=unset uid=root gid=root euid=root suid=root fsuid=root egid=root sgid=root fsgid=root tty=(none) ses=unset comm=fwupd exe=/usr/libexec/fwupd/fwupd subj=system_u:system_r:fwupd_t:s0 key=(null) 
type=AVC msg=audit(27.03.2021 20:34:13.987:2591) : avc:  denied  { watch } for  pid=786356 comm=fwupd path=/etc/fwupd/remotes.d dev="dm-1" ino=536995 scontext=system_u:system_r:fwupd_t:s0 tcontext=system_u:object_r:etc_t:s0 tclass=dir permissive=1 
----
type=PROCTITLE msg=audit(27.03.2021 20:34:13.987:2592) : proctitle=/usr/libexec/fwupd/fwupd 
type=PATH msg=audit(27.03.2021 20:34:13.987:2592) : item=0 name=/usr/share/fwupd/remotes.d/dell-esrt inode=1349414 dev=fd:01 mode=dir,755 ouid=root ogid=root rdev=00:00 obj=system_u:object_r:usr_t:s0 nametype=NORMAL cap_fp=none cap_fi=none cap_fe=0 cap_fver=0 cap_frootid=0 
type=CWD msg=audit(27.03.2021 20:34:13.987:2592) : cwd=/ 
type=SYSCALL msg=audit(27.03.2021 20:34:13.987:2592) : arch=x86_64 syscall=inotify_add_watch success=yes exit=15 a0=0x6 a1=0x56526891a7f0 a2=0x1002fce a3=0x0 items=1 ppid=1 pid=786356 auid=unset uid=root gid=root euid=root suid=root fsuid=root egid=root sgid=root fsgid=root tty=(none) ses=unset comm=fwupd exe=/usr/libexec/fwupd/fwupd subj=system_u:system_r:fwupd_t:s0 key=(null) 
type=AVC msg=audit(27.03.2021 20:34:13.987:2592) : avc:  denied  { watch } for  pid=786356 comm=fwupd path=/usr/share/fwupd/remotes.d/dell-esrt dev="dm-1" ino=1349414 scontext=system_u:system_r:fwupd_t:s0 tcontext=system_u:object_r:usr_t:s0 tclass=dir permissive=1 
----
type=PROCTITLE msg=audit(05.04.2021 10:26:26.159:20040) : proctitle=/usr/libexec/fwupd/fwupd 
type=PATH msg=audit(05.04.2021 10:26:26.159:20040) : item=0 name=/etc/fwupd/remotes.d inode=536995 dev=fd:01 mode=dir,755 ouid=root ogid=root rdev=00:00 obj=system_u:object_r:etc_t:s0 nametype=NORMAL cap_fp=none cap_fi=none cap_fe=0 cap_fver=0 cap_frootid=0 
type=CWD msg=audit(05.04.2021 10:26:26.159:20040) : cwd=/ 
type=SYSCALL msg=audit(05.04.2021 10:26:26.159:20040) : arch=x86_64 syscall=inotify_add_watch success=yes exit=19 a0=0x6 a1=0x5652686a6790 a2=0x1002fce a3=0x0 items=1 ppid=1 pid=786356 auid=unset uid=root gid=root euid=root suid=root fsuid=root egid=root sgid=root fsgid=root tty=(none) ses=unset comm=fwupd exe=/usr/libexec/fwupd/fwupd (deleted) subj=system_u:system_r:fwupd_t:s0 key=(null) 
type=AVC msg=audit(05.04.2021 10:26:26.159:20040) : avc:  denied  { watch } for  pid=786356 comm=fwupd path=/etc/fwupd/remotes.d dev="dm-1" ino=536995 scontext=system_u:system_r:fwupd_t:s0 tcontext=system_u:object_r:etc_t:s0 tclass=dir permissive=1 
----
type=PROCTITLE msg=audit(05.04.2021 10:26:26.165:20041) : proctitle=/usr/libexec/fwupd/fwupd 
type=PATH msg=audit(05.04.2021 10:26:26.165:20041) : item=0 name=/usr/share/fwupd/remotes.d/dell-esrt inode=1349414 dev=fd:01 mode=dir,755 ouid=root ogid=root rdev=00:00 obj=system_u:object_r:usr_t:s0 nametype=NORMAL cap_fp=none cap_fi=none cap_fe=0 cap_fver=0 cap_frootid=0 
type=CWD msg=audit(05.04.2021 10:26:26.165:20041) : cwd=/ 
type=SYSCALL msg=audit(05.04.2021 10:26:26.165:20041) : arch=x86_64 syscall=inotify_add_watch success=yes exit=20 a0=0x6 a1=0x565268738d10 a2=0x1002fce a3=0x0 items=1 ppid=1 pid=786356 auid=unset uid=root gid=root euid=root suid=root fsuid=root egid=root sgid=root fsgid=root tty=(none) ses=unset comm=fwupd exe=/usr/libexec/fwupd/fwupd (deleted) subj=system_u:system_r:fwupd_t:s0 key=(null) 
type=AVC msg=audit(05.04.2021 10:26:26.165:20041) : avc:  denied  { watch } for  pid=786356 comm=fwupd path=/usr/share/fwupd/remotes.d/dell-esrt dev="dm-1" ino=1349414 scontext=system_u:system_r:fwupd_t:s0 tcontext=system_u:object_r:usr_t:s0 tclass=dir permissive=1 
----
type=PROCTITLE msg=audit(05.04.2021 10:26:26.166:20042) : proctitle=/usr/libexec/fwupd/fwupd 
type=CWD msg=audit(05.04.2021 10:26:26.166:20042) : cwd=/ 
type=MMAP msg=audit(05.04.2021 10:26:26.166:20042) : fd=17 flags=MAP_PRIVATE 
type=SYSCALL msg=audit(05.04.2021 10:26:26.166:20042) : arch=x86_64 syscall=mmap success=yes exit=140383436591104 a0=0x0 a1=0x29a4bd a2=PROT_READ a3=MAP_PRIVATE items=0 ppid=1 pid=786356 auid=unset uid=root gid=root euid=root suid=root fsuid=root egid=root sgid=root fsgid=root tty=(none) ses=unset comm=fwupd exe=/usr/libexec/fwupd/fwupd (deleted) subj=system_u:system_r:fwupd_t:s0 key=(null) 
type=AVC msg=audit(05.04.2021 10:26:26.166:20042) : avc:  denied  { map } for  pid=786356 comm=fwupd path=/var/cache/fwupd/metadata.xmlb dev="dm-1" ino=2381748 scontext=system_u:system_r:fwupd_t:s0 tcontext=system_u:object_r:fwupd_cache_t:s0 tclass=file permissive=1 
----
type=PROCTITLE msg=audit(05.04.2021 10:26:26.199:20043) : proctitle=/usr/libexec/fwupd/fwupd 
type=PATH msg=audit(05.04.2021 10:26:26.199:20043) : item=1 name=/run/motd.d/fwupd/85-fwupd inode=11095 dev=00:1a mode=file,644 ouid=root ogid=root rdev=00:00 obj=system_u:object_r:motd_var_run_t:s0 nametype=NORMAL cap_fp=none cap_fi=none cap_fe=0 cap_fver=0 cap_frootid=0 
type=PATH msg=audit(05.04.2021 10:26:26.199:20043) : item=0 name=/run/motd.d/fwupd/ inode=11084 dev=00:1a mode=dir,755 ouid=root ogid=root rdev=00:00 obj=system_u:object_r:motd_var_run_t:s0 nametype=PARENT cap_fp=none cap_fi=none cap_fe=0 cap_fver=0 cap_frootid=0 
type=CWD msg=audit(05.04.2021 10:26:26.199:20043) : cwd=/ 
type=SYSCALL msg=audit(05.04.2021 10:26:26.199:20043) : arch=x86_64 syscall=openat success=yes exit=17 a0=0xffffff9c a1=0x56526891b9b0 a2=O_WRONLY|O_CREAT|O_NOFOLLOW a3=0x1b6 items=2 ppid=1 pid=786356 auid=unset uid=root gid=root euid=root suid=root fsuid=root egid=root sgid=root fsgid=root tty=(none) ses=unset comm=fwupd exe=/usr/libexec/fwupd/fwupd (deleted) subj=system_u:system_r:fwupd_t:s0 key=(null) 
type=AVC msg=audit(05.04.2021 10:26:26.199:20043) : avc:  denied  { open } for  pid=786356 comm=fwupd path=/run/motd.d/fwupd/85-fwupd dev="tmpfs" ino=11095 scontext=system_u:system_r:fwupd_t:s0 tcontext=system_u:object_r:motd_var_run_t:s0 tclass=file permissive=1 
type=AVC msg=audit(05.04.2021 10:26:26.199:20043) : avc:  denied  { write } for  pid=786356 comm=fwupd name=85-fwupd dev="tmpfs" ino=11095 scontext=system_u:system_r:fwupd_t:s0 tcontext=system_u:object_r:motd_var_run_t:s0 tclass=file permissive=1 
----
type=PROCTITLE msg=audit(05.04.2021 10:26:26.199:20044) : proctitle=/usr/libexec/fwupd/fwupd 
type=PATH msg=audit(05.04.2021 10:26:26.199:20044) : item=0 name= inode=11095 dev=00:1a mode=file,644 ouid=root ogid=root rdev=00:00 obj=system_u:object_r:motd_var_run_t:s0 nametype=NORMAL cap_fp=none cap_fi=none cap_fe=0 cap_fver=0 cap_frootid=0 
type=CWD msg=audit(05.04.2021 10:26:26.199:20044) : cwd=/ 
type=SYSCALL msg=audit(05.04.2021 10:26:26.199:20044) : arch=x86_64 syscall=statx success=yes exit=0 a0=0x11 a1=0x7fada3d80b7e a2=0x1000 a3=0x5f items=1 ppid=1 pid=786356 auid=unset uid=root gid=root euid=root suid=root fsuid=root egid=root sgid=root fsgid=root tty=(none) ses=unset comm=fwupd exe=/usr/libexec/fwupd/fwupd (deleted) subj=system_u:system_r:fwupd_t:s0 key=(null) 
type=AVC msg=audit(05.04.2021 10:26:26.199:20044) : avc:  denied  { getattr } for  pid=786356 comm=fwupd path=/run/motd.d/fwupd/85-fwupd dev="tmpfs" ino=11095 scontext=system_u:system_r:fwupd_t:s0 tcontext=system_u:object_r:motd_var_run_t:s0 tclass=file permissive=1 
----
type=PROCTITLE msg=audit(05.04.2021 10:26:26.199:20045) : proctitle=/usr/libexec/fwupd/fwupd 
type=PATH msg=audit(05.04.2021 10:26:26.199:20045) : item=1 name=/run/motd.d/fwupd/.goutputstream-CEVB10 inode=49832 dev=00:1a mode=file,644 ouid=root ogid=root rdev=00:00 obj=system_u:object_r:motd_var_run_t:s0 nametype=CREATE cap_fp=none cap_fi=none cap_fe=0 cap_fver=0 cap_frootid=0 
type=PATH msg=audit(05.04.2021 10:26:26.199:20045) : item=0 name=/run/motd.d/fwupd/ inode=11084 dev=00:1a mode=dir,755 ouid=root ogid=root rdev=00:00 obj=system_u:object_r:motd_var_run_t:s0 nametype=PARENT cap_fp=none cap_fi=none cap_fe=0 cap_fver=0 cap_frootid=0 
type=CWD msg=audit(05.04.2021 10:26:26.199:20045) : cwd=/ 
type=SYSCALL msg=audit(05.04.2021 10:26:26.199:20045) : arch=x86_64 syscall=openat success=yes exit=18 a0=0xffffff9c a1=0x5652689b9e80 a2=O_WRONLY|O_CREAT|O_EXCL a3=0x1b6 items=2 ppid=1 pid=786356 auid=unset uid=root gid=root euid=root suid=root fsuid=root egid=root sgid=root fsgid=root tty=(none) ses=unset comm=fwupd exe=/usr/libexec/fwupd/fwupd (deleted) subj=system_u:system_r:fwupd_t:s0 key=(null) 
type=AVC msg=audit(05.04.2021 10:26:26.199:20045) : avc:  denied  { create } for  pid=786356 comm=fwupd name=.goutputstream-CEVB10 scontext=system_u:system_r:fwupd_t:s0 tcontext=system_u:object_r:motd_var_run_t:s0 tclass=file permissive=1 
type=AVC msg=audit(05.04.2021 10:26:26.199:20045) : avc:  denied  { add_name } for  pid=786356 comm=fwupd name=.goutputstream-CEVB10 scontext=system_u:system_r:fwupd_t:s0 tcontext=system_u:object_r:motd_var_run_t:s0 tclass=dir permissive=1 
type=AVC msg=audit(05.04.2021 10:26:26.199:20045) : avc:  denied  { write } for  pid=786356 comm=fwupd name=fwupd dev="tmpfs" ino=11084 scontext=system_u:system_r:fwupd_t:s0 tcontext=system_u:object_r:motd_var_run_t:s0 tclass=dir permissive=1 
----
type=PROCTITLE msg=audit(05.04.2021 10:26:26.199:20046) : proctitle=/usr/libexec/fwupd/fwupd 
type=PATH msg=audit(05.04.2021 10:26:26.199:20046) : item=0 name=(null) inode=49832 dev=00:1a mode=file,644 ouid=root ogid=root rdev=00:00 obj=system_u:object_r:motd_var_run_t:s0 nametype=NORMAL cap_fp=none cap_fi=none cap_fe=0 cap_fver=0 cap_frootid=0 
type=CWD msg=audit(05.04.2021 10:26:26.199:20046) : cwd=/ 
type=SYSCALL msg=audit(05.04.2021 10:26:26.199:20046) : arch=x86_64 syscall=fchown success=yes exit=0 a0=0x12 a1=0x0 a2=0x0 a3=0x1b6 items=1 ppid=1 pid=786356 auid=unset uid=root gid=root euid=root suid=root fsuid=root egid=root sgid=root fsgid=root tty=(none) ses=unset comm=fwupd exe=/usr/libexec/fwupd/fwupd (deleted) subj=system_u:system_r:fwupd_t:s0 key=(null) 
type=AVC msg=audit(05.04.2021 10:26:26.199:20046) : avc:  denied  { setattr } for  pid=786356 comm=fwupd name=.goutputstream-CEVB10 dev="tmpfs" ino=49832 scontext=system_u:system_r:fwupd_t:s0 tcontext=system_u:object_r:motd_var_run_t:s0 tclass=file permissive=1 
----
type=PROCTITLE msg=audit(05.04.2021 10:26:26.199:20047) : proctitle=/usr/libexec/fwupd/fwupd 
type=PATH msg=audit(05.04.2021 10:26:26.199:20047) : item=4 name=/run/motd.d/fwupd/85-fwupd inode=49832 dev=00:1a mode=file,644 ouid=root ogid=root rdev=00:00 obj=system_u:object_r:motd_var_run_t:s0 nametype=CREATE cap_fp=none cap_fi=none cap_fe=0 cap_fver=0 cap_frootid=0 
type=PATH msg=audit(05.04.2021 10:26:26.199:20047) : item=3 name=/run/motd.d/fwupd/85-fwupd inode=11095 dev=00:1a mode=file,644 ouid=root ogid=root rdev=00:00 obj=system_u:object_r:motd_var_run_t:s0 nametype=DELETE cap_fp=none cap_fi=none cap_fe=0 cap_fver=0 cap_frootid=0 
type=PATH msg=audit(05.04.2021 10:26:26.199:20047) : item=2 name=/run/motd.d/fwupd/.goutputstream-CEVB10 inode=49832 dev=00:1a mode=file,644 ouid=root ogid=root rdev=00:00 obj=system_u:object_r:motd_var_run_t:s0 nametype=DELETE cap_fp=none cap_fi=none cap_fe=0 cap_fver=0 cap_frootid=0 
type=PATH msg=audit(05.04.2021 10:26:26.199:20047) : item=1 name=/run/motd.d/fwupd/ inode=11084 dev=00:1a mode=dir,755 ouid=root ogid=root rdev=00:00 obj=system_u:object_r:motd_var_run_t:s0 nametype=PARENT cap_fp=none cap_fi=none cap_fe=0 cap_fver=0 cap_frootid=0 
type=PATH msg=audit(05.04.2021 10:26:26.199:20047) : item=0 name=/run/motd.d/fwupd/ inode=11084 dev=00:1a mode=dir,755 ouid=root ogid=root rdev=00:00 obj=system_u:object_r:motd_var_run_t:s0 nametype=PARENT cap_fp=none cap_fi=none cap_fe=0 cap_fver=0 cap_frootid=0 
type=CWD msg=audit(05.04.2021 10:26:26.199:20047) : cwd=/ 
type=SYSCALL msg=audit(05.04.2021 10:26:26.199:20047) : arch=x86_64 syscall=rename success=yes exit=0 a0=0x5652689b9e80 a1=0x5652686c3730 a2=0x0 a3=0x0 items=5 ppid=1 pid=786356 auid=unset uid=root gid=root euid=root suid=root fsuid=root egid=root sgid=root fsgid=root tty=(none) ses=unset comm=fwupd exe=/usr/libexec/fwupd/fwupd (deleted) subj=system_u:system_r:fwupd_t:s0 key=(null) 
type=AVC msg=audit(05.04.2021 10:26:26.199:20047) : avc:  denied  { unlink } for  pid=786356 comm=fwupd name=85-fwupd dev="tmpfs" ino=11095 scontext=system_u:system_r:fwupd_t:s0 tcontext=system_u:object_r:motd_var_run_t:s0 tclass=file permissive=1 
type=AVC msg=audit(05.04.2021 10:26:26.199:20047) : avc:  denied  { rename } for  pid=786356 comm=fwupd name=.goutputstream-CEVB10 dev="tmpfs" ino=49832 scontext=system_u:system_r:fwupd_t:s0 tcontext=system_u:object_r:motd_var_run_t:s0 tclass=file permissive=1 
type=AVC msg=audit(05.04.2021 10:26:26.199:20047) : avc:  denied  { remove_name } for  pid=786356 comm=fwupd name=.goutputstream-CEVB10 dev="tmpfs" ino=49832 scontext=system_u:system_r:fwupd_t:s0 tcontext=system_u:object_r:motd_var_run_t:s0 tclass=dir permissive=1 
